// Jest Snapshot v1, https://goo.gl/fbAQLP

exports[`<CapabilitiesPicker /> renders the CapabilitiesPicker correctly 1`] = `
<DocumentFragment>
  <div
    class="select-capabilities"
    style="padding: 20px;"
  >
    <ul
      aria-label="select-capability"
      class="pf-c-data-list pf-u-box-shadow-md"
      role="list"
    >
      <li
        aria-labelledby="database"
        class="pf-c-data-list__item"
      >
        <div
          class="pf-c-data-list__check"
        >
          <input
            aria-invalid="false"
            aria-labelledby="toggle-capability-props-form-database"
            class="pf-c-check__input"
            name="Selection item check"
            type="checkbox"
          />
        </div>
        <div
          class="pf-c-data-list__cell"
        >
          <img
            src="data:image/svg+xml,%3csvg xmlns='http://www.w3.org/2000/svg' width='14' height='14' viewBox='0 0 14 14'%3e %3cpath d='M12.178 1.997c-0.534-0.306-1.266-0.55-2.184-0.728s-1.922-0.269-3.003-0.269c-1.084 0-2.084 0.091-3.006 0.269-0.919 0.181-1.65 0.422-2.181 0.728-0.534 0.309-0.803 0.641-0.803 1v2.031c0 0.359 0.269 0.694 0.803 1s1.266 0.55 2.184 0.728c0.919 0.178 1.922 0.269 3.003 0.269s2.084-0.091 3.003-0.269c0.919-0.178 1.65-0.422 2.184-0.728 0.534-0.309 0.803-0.641 0.803-1v-2.031c0-0.359-0.269-0.694-0.803-1z'%3e%3c/path%3e %3cpath d='M6.988 8.022c-1.231 0-2.384-0.109-3.456-0.334-1.072-0.222-1.916-0.553-2.531-0.991v3.328c0 0.359 0.269 0.694 0.803 1s1.263 0.55 2.184 0.728c0.919 0.178 1.922 0.269 3.003 0.269s2.081-0.091 3.003-0.269c0.919-0.178 1.65-0.422 2.184-0.728 0.534-0.309 0.803-0.641 0.803-1v-3.328c-0.622 0.438-1.466 0.766-2.538 0.991-1.072 0.222-2.225 0.334-3.456 0.334z'%3e%3c/path%3e %3c/svg%3e"
          />
        </div>
        <div
          class="pf-c-data-list__cell"
        >
          <h1
            class="pf-c-title pf-m-lg"
          >
            Relational Persistence
          </h1>
        </div>
        <div
          class="pf-c-data-list__cell pf-m-flex-3"
        >
          Sets up basic CRUD (Create, Read, Update, Delete) operations with a relational database
        </div>
      </li>
      <li
        aria-labelledby="rest"
        class="pf-c-data-list__item"
      >
        <div
          class="pf-c-data-list__check"
        >
          <input
            aria-invalid="false"
            aria-labelledby="toggle-capability-props-form-rest"
            class="pf-c-check__input"
            name="Selection item check"
            type="checkbox"
          />
        </div>
        <div
          class="pf-c-data-list__cell"
        >
          <img
            src="data:image/svg+xml,%3csvg xmlns='http://www.w3.org/2000/svg' width='15' height='14' viewBox='0 0 15 14'%3e %3cpath d='M14.241 6.55c-0.403-0.456-0.937-0.869-1.937-1.219 0.563-1.313 0.006-2.069-0.388-2.459-0.384-0.391-0.856-0.587-1.409-0.587-0.5 0-0.931 0.163-1.297 0.484-0.006-0.009-0.012-0.019-0.019-0.025l-1.003 7.444-6.194-4.834c-0.597 0.281-1.081 0.703-1.45 1.272s-0.553 1.197-0.553 1.884c0 0.962 0.344 1.788 1.028 2.472s1.509 1.028 2.472 1.028h8.5c0.828 0 1.534-0.294 2.122-0.878 0.587-0.587 0.878-1.444 0.878-2.122 0-0.338 0.15-1.447-0.75-2.459z'%3e%3c/path%3e %3cpath d='M1.806 4.041l5.763 4.5 0.934-6.928c-1.016-1.403-2.219-1.613-2.978-1.613-1.025 0-1.906 0.362-2.631 1.091s-1.091 1.606-1.091 2.631c0 0.072 0.006 0.178 0.016 0.312-0.003 0.003-0.009 0.003-0.012 0.006z'%3e%3c/path%3e %3c/svg%3e"
          />
        </div>
        <div
          class="pf-c-data-list__cell"
        >
          <h1
            class="pf-c-title pf-m-lg"
          >
            HTTP API
          </h1>
        </div>
        <div
          class="pf-c-data-list__cell pf-m-flex-3"
        >
          Exposes an HTTP API for receiving invocations across network boundaries
        </div>
      </li>
      <li
        aria-labelledby="welcome"
        class="pf-c-data-list__item pf-m-expanded"
      >
        <div
          class="pf-c-data-list__check"
        >
          <input
            aria-invalid="false"
            aria-labelledby="toggle-capability-props-form-welcome"
            checked=""
            class="pf-c-check__input"
            disabled=""
            name="Selection item check"
            type="checkbox"
          />
        </div>
        <div
          class="pf-c-data-list__cell"
        >
          <img
            src="data:image/svg+xml,%0A%3Csvg width='14' height='14' data-prefix='fas' data-icon='home' class='svg-inline--fa fa-home fa-w-18' role='img' xmlns='http://www.w3.org/2000/svg' viewBox='0 0 576 512'%3E%3Cpath fill='currentColor' d='M488 312.7V456c0 13.3-10.7 24-24 24H348c-6.6 0-12-5.4-12-12V356c0-6.6-5.4-12-12-12h-72c-6.6 0-12 5.4-12 12v112c0 6.6-5.4 12-12 12H112c-13.3 0-24-10.7-24-24V312.7c0-3.6 1.6-7 4.4-9.3l188-154.8c4.4-3.6 10.8-3.6 15.3 0l188 154.8c2.7 2.3 4.3 5.7 4.3 9.3zm83.6-60.9L488 182.9V44.4c0-6.6-5.4-12-12-12h-56c-6.6 0-12 5.4-12 12V117l-89.5-73.7c-17.7-14.6-43.3-14.6-61 0L4.4 251.8c-5.1 4.2-5.8 11.8-1.6 16.9l25.5 31c4.2 5.1 11.8 5.8 16.9 1.6l235.2-193.7c4.4-3.6 10.8-3.6 15.3 0l235.2 193.7c5.1 4.2 12.7 3.5 16.9-1.6l25.5-31c4.2-5.2 3.4-12.7-1.7-16.9z'%3E%3C/path%3E%3C/svg%3E"
          />
        </div>
        <div
          class="pf-c-data-list__cell"
        >
          <h1
            class="pf-c-title pf-m-lg"
          >
            Welcome Application
          </h1>
        </div>
        <div
          class="pf-c-data-list__cell pf-m-flex-3"
        >
          Deploys a Welcome Application where all selected capabilities can be tested. Required.
        </div>
      </li>
    </ul>
    <div
      class="pf-l-toolbar"
      style="margin-top: 20px;"
    >
      <div
        class="pf-l-toolbar__group"
      >
        <button
          class="pf-c-button pf-m-primary"
          type="button"
        >
          Save
        </button>
      </div>
      <div
        class="pf-l-toolbar__group"
      >
        <button
          class="pf-c-button pf-m-secondary"
          type="button"
        >
          Cancel
        </button>
      </div>
    </div>
  </div>
</DocumentFragment>
`;
