// Jest Snapshot v1, https://goo.gl/fbAQLP

exports[`<InlineTextInput /> renders the InlineTextInput correctly 1`] = `
<DocumentFragment>
  <div
    class="title"
  >
    <h1
      class=""
      data-pf-content="true"
    >
      New Application:
    </h1>
    <div
      class="input"
    >
      <input
        aria-invalid="false"
        class="pf-c-form-control"
        id="app"
        title="New Application:"
        type="text"
        value=""
      />
    </div>
  </div>
</DocumentFragment>
`;
